[2026-09-08 09:51:56] === 10-cell matrix begin === (10 cells, 1 run each)
[2026-09-08 09:51:56] Suites: cells10-A/B (runsPerTask=1, taskTimeoutMs=840000)
[2026-09-08 09:51:56] Model: opencode/mimo-v2.5-free
[2026-09-08 09:51:56] [1/10] A-BACKEND-EASY-01
[2026-09-08 09:51:56] SKIP A-BACKEND-EASY-01 (done)
[2026-09-08 09:51:56] NO-PID A-BACKEND-EASY-01
[2026-09-08 09:51:56] [2/10] A-ARCH-EASY-01
[2026-09-08 09:51:56] SKIP A-ARCH-EASY-01 (done)
[2026-09-08 09:51:58] DONE   A-ARCH-EASY-01 (result copied)
[2026-09-08 09:51:58] [3/10] A-FRONTEND-MEDIUM-01
[2026-09-08 09:51:58] SKIP A-FRONTEND-MEDIUM-01 (done)
[2026-09-08 09:52:00] DONE   A-FRONTEND-MEDIUM-01 (result copied)
[2026-09-08 09:52:00] [4/10] A-TESTING-MEDIUM-01
[2026-09-08 09:52:00] SKIP A-TESTING-MEDIUM-01 (done)
[2026-09-08 09:52:02] DONE   A-TESTING-MEDIUM-01 (result copied)
[2026-09-08 09:52:02] [5/10] A-REFACTORING-MEDIUM-01
[2026-09-08 09:52:02] SKIP A-REFACTORING-MEDIUM-01 (done)
[2026-09-08 09:52:04] DONE   A-REFACTORING-MEDIUM-01 (result copied)
[2026-09-08 09:52:04] [6/10] B-BACKEND-EASY-01
[2026-09-08 09:52:04] START B-BACKEND-EASY-01  mode=codeatlas repo=01-small-app suite=cells10-B
[2026-09-08 09:53:36] DONE   B-BACKEND-EASY-01 (result copied)
[2026-09-08 09:53:36] [7/10] B-ARCH-EASY-01
[2026-09-08 09:53:36] START B-ARCH-EASY-01  mode=codeatlas repo=CodeAtlas suite=cells10-B
[2026-09-08 09:55:08] DONE   B-ARCH-EASY-01 (result copied)
[2026-09-08 09:55:08] [8/10] B-FRONTEND-MEDIUM-01
[2026-09-08 09:55:08] START B-FRONTEND-MEDIUM-01  mode=codeatlas repo=CodeAtlas suite=cells10-B
[2026-09-08 10:01:10] DONE   B-FRONTEND-MEDIUM-01 (result copied)
[2026-09-08 10:01:10] [9/10] B-TESTING-MEDIUM-01
[2026-09-08 10:01:10] START B-TESTING-MEDIUM-01  mode=codeatlas repo=01-small-app suite=cells10-B
[2026-09-08 10:03:42] DONE   B-TESTING-MEDIUM-01 (result copied)
[2026-09-08 10:03:42] [10/10] B-REFACTORING-MEDIUM-01
[2026-09-08 10:03:42] START B-REFACTORING-MEDIUM-01  mode=codeatlas repo=01-small-app suite=cells10-B
[2026-09-08 10:06:14] DONE   B-REFACTORING-MEDIUM-01 (result copied)
[2026-09-08 10:06:14] === 10-cell matrix end === (10/10 attempted)
