[2026-09-08 07:34:05] === 10-cell matrix begin === (10 cells, 1 run each)
[2026-09-08 07:34:05] Suites: cells10-A/B (runsPerTask=1, taskTimeoutMs=840000)
[2026-09-08 07:34:05] Model: opencode/mimo-v2.5-free
[2026-09-08 07:34:05] [1/10] A-BACKEND-EASY-01
[2026-09-08 07:34:05] SKIP A-BACKEND-EASY-01 (done)
[2026-09-08 07:34:05] NO-PID A-BACKEND-EASY-01
[2026-09-08 07:34:05] [2/10] A-ARCH-EASY-01
[2026-09-08 07:34:05] START A-ARCH-EASY-01  mode=baseline repo=CodeAtlas suite=cells10-A
[2026-09-08 07:37:37] DONE   A-ARCH-EASY-01 (result copied)
[2026-09-08 07:37:37] [3/10] A-FRONTEND-MEDIUM-01
[2026-09-08 07:37:37] START A-FRONTEND-MEDIUM-01  mode=baseline repo=CodeAtlas suite=cells10-A
[2026-09-08 07:52:09] DONE   A-FRONTEND-MEDIUM-01 (result copied)
[2026-09-08 07:52:09] [4/10] A-TESTING-MEDIUM-01
[2026-09-08 07:52:09] START A-TESTING-MEDIUM-01  mode=baseline repo=01-small-app suite=cells10-A
[2026-09-08 08:02:11] DONE   A-TESTING-MEDIUM-01 (result copied)
[2026-09-08 08:02:11] [5/10] A-REFACTORING-MEDIUM-01
[2026-09-08 08:02:11] START A-REFACTORING-MEDIUM-01  mode=baseline repo=01-small-app suite=cells10-A
[2026-09-08 08:06:43] DONE   A-REFACTORING-MEDIUM-01 (result copied)
[2026-09-08 08:06:43] [6/10] B-BACKEND-EASY-01
[2026-09-08 08:06:43] START B-BACKEND-EASY-01  mode=codeatlas repo=01-small-app suite=cells10-B
[2026-09-08 08:11:45] DONE   B-BACKEND-EASY-01 (result copied)
[2026-09-08 08:11:45] [7/10] B-ARCH-EASY-01
[2026-09-08 08:11:45] START B-ARCH-EASY-01  mode=codeatlas repo=CodeAtlas suite=cells10-B
[2026-09-08 08:12:47] DONE   B-ARCH-EASY-01 (result copied)
[2026-09-08 08:12:47] [8/10] B-FRONTEND-MEDIUM-01
[2026-09-08 08:12:47] START B-FRONTEND-MEDIUM-01  mode=codeatlas repo=CodeAtlas suite=cells10-B
[2026-09-08 08:23:49] DONE   B-FRONTEND-MEDIUM-01 (result copied)
[2026-09-08 08:23:49] [9/10] B-TESTING-MEDIUM-01
[2026-09-08 08:23:49] START B-TESTING-MEDIUM-01  mode=codeatlas repo=01-small-app suite=cells10-B
[2026-09-08 08:28:51] DONE   B-TESTING-MEDIUM-01 (result copied)
[2026-09-08 08:28:51] [10/10] B-REFACTORING-MEDIUM-01
[2026-09-08 08:28:51] START B-REFACTORING-MEDIUM-01  mode=codeatlas repo=01-small-app suite=cells10-B
[2026-09-08 08:37:23] DONE   B-REFACTORING-MEDIUM-01 (result copied)
[2026-09-08 08:37:23] === 10-cell matrix end === (10/10 attempted)
